// Vitest Snapshot v1, https://vitest.dev/guide/snapshot.html

exports[`transformSvelte > languageInUrl is false 1`] = `
"<script lang=\\"ts\\">
    export let prop: string
</script>

<style>
    .red {
        color: red;
    }
</style>

<h1 class=\\"red\\">{prop}</h1>
"
`;

exports[`transformSvelte > languageInUrl is true 1`] = `
"<script lang=\\"ts\\">
    export let prop: string
</script>

<style>
    .red {
        color: red;
    }
</style>

<h1 class=\\"red\\">{prop}</h1>
"
`;
