// Vitest Snapshot v1, https://vitest.dev/guide/snapshot.html

exports[`memoryFs 1`] = `
{
  "file2": "text in the second file",
  "home": {
    "user1": {
      "documents": {
        "file1": "text in the first file",
      },
      "downloads": {},
      "file3": "text in the third file",
    },
  },
}
`;
